INFO: [VRFC 10-2263] Analyzing Verilog file "G:/FPGA_COURSE/Class4/prj/class4.gen/sources_1/ip/ROM_test/sim/ROM_test.v" into library xil_defaultlib
INFO: [VRFC 10-311] analyzing module ROM_test
INFO: [VRFC 10-2263] Analyzing Verilog file "G:/FPGA_COURSE/Class4/prj/class4.gen/sources_1/ip/set_ram/sim/set_ram.v" into library xil_defaultlib
INFO: [VRFC 10-311] analyzing module set_ram
INFO: [VRFC 10-2263] Analyzing Verilog file "G:/FPGA_COURSE/Class4/prj/class4.gen/sources_1/ip/dual_ram/sim/dual_ram.v" into library xil_defaultlib
INFO: [VRFC 10-311] analyzing module dual_ram
INFO: [VRFC 10-2263] Analyzing Verilog file "G:/FPGA_COURSE/Class4/prj/class4.gen/sources_1/ip/ram_test/sim/ram_test.v" into library xil_defaultlib
INFO: [VRFC 10-311] analyzing module ram_test
INFO: [VRFC 10-2263] Analyzing Verilog file "G:/FPGA_COURSE/Class4/prj/class4.gen/sources_1/ip/fifo_3/sim/fifo_3.v" into library xil_defaultlib
INFO: [VRFC 10-311] analyzing module fifo_3
INFO: [VRFC 10-2263] Analyzing Verilog file "G:/FPGA_COURSE/Class4/prj/class4.gen/sources_1/ip/fifo_2/sim/fifo_2.v" into library xil_defaultlib
INFO: [VRFC 10-311] analyzing module fifo_2
INFO: [VRFC 10-2263] Analyzing Verilog file "G:/FPGA_COURSE/Class4/prj/class4.gen/sources_1/ip/fifo_1/sim/fifo_1.v" into library xil_defaultlib
INFO: [VRFC 10-311] analyzing module fifo_1
INFO: [VRFC 10-2263] Analyzing Verilog file "G:/FPGA_COURSE/Class4/prj/class4.gen/sources_1/ip/clk_generate/clk_generate_clk_wiz.v" into library xil_defaultlib
INFO: [VRFC 10-311] analyzing module clk_generate_clk_wiz
INFO: [VRFC 10-2263] Analyzing Verilog file "G:/FPGA_COURSE/Class4/prj/class4.gen/sources_1/ip/clk_generate/clk_generate.v" into library xil_defaultlib
INFO: [VRFC 10-311] analyzing module clk_generate
INFO: [VRFC 10-2263] Analyzing Verilog file "G:/FPGA_COURSE/Class4/rtl/dual_ram.v" into library xil_defaultlib
INFO: [VRFC 10-311] analyzing module dual_ram_0
INFO: [VRFC 10-2263] Analyzing Verilog file "G:/FPGA_COURSE/Class4/rtl/led_1s.v" into library xil_defaultlib
INFO: [VRFC 10-311] analyzing module led_1s
INFO: [VRFC 10-2263] Analyzing Verilog file "G:/FPGA_COURSE/Class4/rtl/system_config.v" into library xil_defaultlib
INFO: [VRFC 10-311] analyzing module system_config
INFO: [VRFC 10-2458] undeclared symbol locked, assumed default net type wire [G:/FPGA_COURSE/Class4/rtl/system_config.v:33]
INFO: [VRFC 10-2263] Analyzing Verilog file "G:/FPGA_COURSE/Class4/rtl/top.v" into library xil_defaultlib
INFO: [VRFC 10-311] analyzing module top
INFO: [VRFC 10-2458] undeclared symbol uart_rx_en, assumed default net type wire [G:/FPGA_COURSE/Class4/rtl/top.v:170]
INFO: [VRFC 10-2458] undeclared symbol uart_rx_data, assumed default net type wire [G:/FPGA_COURSE/Class4/rtl/top.v:171]
INFO: [VRFC 10-2458] undeclared symbol uart_tx_busy, assumed default net type wire [G:/FPGA_COURSE/Class4/rtl/top.v:174]
INFO: [VRFC 10-2263] Analyzing SystemVerilog file "G:/FPGA_COURSE/Class4/rtl/UART_TOP.sv" into library xil_defaultlib
INFO: [VRFC 10-311] analyzing module UART_TOP
INFO: [VRFC 10-2263] Analyzing SystemVerilog file "G:/FPGA_COURSE/Class4/rtl/uart_rx.sv" into library xil_defaultlib
INFO: [VRFC 10-311] analyzing module uart_rx
INFO: [VRFC 10-2263] Analyzing SystemVerilog file "G:/FPGA_COURSE/Class4/rtl/uart_tx.sv" into library xil_defaultlib
INFO: [VRFC 10-311] analyzing module uart_tx
