INFO: [VRFC 10-2263] Analyzing SystemVerilog file "E:/FPGA_CLASS/Class4/rtl/AXI_FULL_RD.sv" into library xil_defaultlib
INFO: [VRFC 10-311] analyzing module AXI_FULL_RD
INFO: [VRFC 10-2263] Analyzing SystemVerilog file "E:/FPGA_CLASS/Class4/rtl/AXI_FULL_WR.sv" into library xil_defaultlib
INFO: [VRFC 10-311] analyzing module AXI_FULL_WR
INFO: [VRFC 10-2263] Analyzing SystemVerilog file "E:/FPGA_CLASS/Class4/rtl/axi_full.sv" into library xil_defaultlib
INFO: [VRFC 10-311] analyzing module axi_full
INFO: [VRFC 10-2458] undeclared symbol s_aclk, assumed default net type wire [E:/FPGA_CLASS/Class4/rtl/axi_full.sv:179]
INFO: [VRFC 10-2458] undeclared symbol s_aresetn, assumed default net type wire [E:/FPGA_CLASS/Class4/rtl/axi_full.sv:180]
INFO: [VRFC 10-2458] undeclared symbol s_axi_awid, assumed default net type wire [E:/FPGA_CLASS/Class4/rtl/axi_full.sv:182]
INFO: [VRFC 10-2458] undeclared symbol s_axi_awaddr, assumed default net type wire [E:/FPGA_CLASS/Class4/rtl/axi_full.sv:183]
INFO: [VRFC 10-2458] undeclared symbol s_axi_awlen, assumed default net type wire [E:/FPGA_CLASS/Class4/rtl/axi_full.sv:184]
INFO: [VRFC 10-2458] undeclared symbol s_axi_awsize, assumed default net type wire [E:/FPGA_CLASS/Class4/rtl/axi_full.sv:185]
INFO: [VRFC 10-2458] undeclared symbol s_axi_awburst, assumed default net type wire [E:/FPGA_CLASS/Class4/rtl/axi_full.sv:186]
INFO: [VRFC 10-2458] undeclared symbol s_axi_awvalid, assumed default net type wire [E:/FPGA_CLASS/Class4/rtl/axi_full.sv:187]
INFO: [VRFC 10-2458] undeclared symbol s_axi_awready, assumed default net type wire [E:/FPGA_CLASS/Class4/rtl/axi_full.sv:188]
INFO: [VRFC 10-2458] undeclared symbol s_axi_wdata, assumed default net type wire [E:/FPGA_CLASS/Class4/rtl/axi_full.sv:190]
INFO: [VRFC 10-2458] undeclared symbol s_axi_wstrb, assumed default net type wire [E:/FPGA_CLASS/Class4/rtl/axi_full.sv:191]
INFO: [VRFC 10-2458] undeclared symbol s_axi_wlast, assumed default net type wire [E:/FPGA_CLASS/Class4/rtl/axi_full.sv:192]
INFO: [VRFC 10-2458] undeclared symbol s_axi_wvalid, assumed default net type wire [E:/FPGA_CLASS/Class4/rtl/axi_full.sv:193]
INFO: [VRFC 10-2458] undeclared symbol s_axi_wready, assumed default net type wire [E:/FPGA_CLASS/Class4/rtl/axi_full.sv:194]
INFO: [VRFC 10-2458] undeclared symbol s_axi_bid, assumed default net type wire [E:/FPGA_CLASS/Class4/rtl/axi_full.sv:196]
INFO: [VRFC 10-2458] undeclared symbol s_axi_bresp, assumed default net type wire [E:/FPGA_CLASS/Class4/rtl/axi_full.sv:197]
INFO: [VRFC 10-2458] undeclared symbol s_axi_bvalid, assumed default net type wire [E:/FPGA_CLASS/Class4/rtl/axi_full.sv:198]
INFO: [VRFC 10-2458] undeclared symbol s_axi_bready, assumed default net type wire [E:/FPGA_CLASS/Class4/rtl/axi_full.sv:199]
INFO: [VRFC 10-2458] undeclared symbol s_axi_arid, assumed default net type wire [E:/FPGA_CLASS/Class4/rtl/axi_full.sv:201]
INFO: [VRFC 10-2458] undeclared symbol s_axi_araddr, assumed default net type wire [E:/FPGA_CLASS/Class4/rtl/axi_full.sv:202]
INFO: [VRFC 10-2458] undeclared symbol s_axi_arlen, assumed default net type wire [E:/FPGA_CLASS/Class4/rtl/axi_full.sv:203]
INFO: [VRFC 10-2458] undeclared symbol s_axi_arsize, assumed default net type wire [E:/FPGA_CLASS/Class4/rtl/axi_full.sv:204]
INFO: [VRFC 10-2458] undeclared symbol s_axi_arburst, assumed default net type wire [E:/FPGA_CLASS/Class4/rtl/axi_full.sv:205]
INFO: [VRFC 10-2458] undeclared symbol s_axi_arvalid, assumed default net type wire [E:/FPGA_CLASS/Class4/rtl/axi_full.sv:206]
INFO: [VRFC 10-2458] undeclared symbol s_axi_arready, assumed default net type wire [E:/FPGA_CLASS/Class4/rtl/axi_full.sv:207]
INFO: [VRFC 10-2458] undeclared symbol s_axi_rid, assumed default net type wire [E:/FPGA_CLASS/Class4/rtl/axi_full.sv:209]
INFO: [VRFC 10-2458] undeclared symbol s_axi_rdata, assumed default net type wire [E:/FPGA_CLASS/Class4/rtl/axi_full.sv:210]
INFO: [VRFC 10-2458] undeclared symbol s_axi_rresp, assumed default net type wire [E:/FPGA_CLASS/Class4/rtl/axi_full.sv:211]
INFO: [VRFC 10-2458] undeclared symbol s_axi_rlast, assumed default net type wire [E:/FPGA_CLASS/Class4/rtl/axi_full.sv:212]
INFO: [VRFC 10-2458] undeclared symbol s_axi_rvalid, assumed default net type wire [E:/FPGA_CLASS/Class4/rtl/axi_full.sv:213]
INFO: [VRFC 10-2458] undeclared symbol s_axi_rready, assumed default net type wire [E:/FPGA_CLASS/Class4/rtl/axi_full.sv:214]
INFO: [VRFC 10-2263] Analyzing SystemVerilog file "E:/FPGA_CLASS/Class4/rtl/axi_slave_ram.sv" into library xil_defaultlib
INFO: [VRFC 10-311] analyzing module axi_slave_ram
INFO: [VRFC 10-2263] Analyzing Verilog file "E:/FPGA_CLASS/Class4/sim/tb_axi_full.v" into library xil_defaultlib
INFO: [VRFC 10-311] analyzing module tb_axi_full
