Vivado Simulator 2020.2
Copyright 1986-1999, 2001-2020 Xilinx, Inc. All Rights Reserved.
Running: F:/FPGA/vivado2020/Vivado/2020.2/bin/unwrapped/win64.o/xelab.exe -wto ab67a392e47648a78198611cf9ee549b --incr --debug typical --relax --mt 2 -L xil_defaultlib -L dist_mem_gen_v8_0_13 -L uvm -L unisims_ver -L unimacro_ver -L secureip -L xpm --snapshot sim_behav xil_defaultlib.sim xil_defaultlib.glbl -log elaborate.log 
Using 2 slave threads.
Starting static elaboration
Pass Through NonSizing Optimizer
WARNING: [VRFC 10-3091] actual bit length 32 differs from formal bit length 16 for port 'interval' [E:/FPGA_CLASS/Class5/sim/sim.sv:42]
Completed static elaboration
Starting simulation data flow analysis
Completed simulation data flow analysis
Time Resolution for simulation is 1ps
Compiling module unisims_ver.IBUF
Compiling module unisims_ver.MMCME2_ADV(CLKFBOUT_MULT_F=10.0,...
Compiling module unisims_ver.BUFG
Compiling module xil_defaultlib.system_clk_clk_wiz
Compiling module xil_defaultlib.system_clk
Compiling module xil_defaultlib.clk_reset
Compiling module dist_mem_gen_v8_0_13.dist_mem_gen_v8_0_13(C_FAMILY="a...
Compiling module xil_defaultlib.rom_dout
Compiling module xil_defaultlib.uart_frame_gen
Compiling module xil_defaultlib.decode_uart
Compiling module xil_defaultlib.sim
Compiling module xil_defaultlib.glbl
Built simulation snapshot sim_behav
